{
  "errors": [],
  "filesystem": {
    "data": "/data",
    "data_readable": true,
    "out": "/out",
    "out_writable": true
  },
  "packages": {
    "openpyxl": "3.1.5",
    "opentelemetry-sdk": "1.44.0",
    "pydantic-ai-slim": "2.38.0"
  },
  "python": {
    "executable": "/app/.venv/bin/python",
    "version": "3.13.15"
  },
  "soffice": {
    "path": "/usr/bin/soffice",
    "version": "LibreOffice 7.4.7.2 40(Build:2)"
  },
  "status": "ok"
}
Traceback (most recent call last):
  File "<frozen runpy>", line 203, in _run_module_as_main
  File "<frozen runpy>", line 88, in _run_code
  File "/app/research/container_preflight.py", line 137, in <module>
    raise SystemExit(main())
                     ~~~~^^
  File "/app/research/container_preflight.py", line 133, in main
    return run_experiment(Path(args.manifest), Path(args.out_dir))
  File "/app/research/container_preflight.py", line 112, in run_experiment
    experiment_main()
    ~~~~~~~~~~~~~~~^^
  File "/app/research/experiment/cli.py", line 24, in main
    source_manifest_bytes=manifest_bytes).run(tasks)
                                          ~~~^^^^^^^
  File "/app/research/experiment/runner.py", line 266, in run
    self._prepare()
    ~~~~~~~~~~~~~^^
  File "/app/research/experiment/runner.py", line 241, in _prepare
    raise FileExistsError("output directory must be empty")
FileExistsError: output directory must be empty
